AAPL   cik=0000320193  filings_ok= 9  collisions=0  err=-
JPM    cik=0000019617  filings_ok= 9  collisions=0  err=-
XOM    cik=0000034088  filings_ok= 9  collisions=1  err=-
MSFT   cik=0000789019  filings_ok= 9  collisions=0  err=-
NVDA   cik=0001045810  filings_ok= 9  collisions=1  err=-
GOOGL  cik=0001652044  filings_ok= 9  collisions=0  err=-
META   cik=0001326801  filings_ok= 9  collisions=0  err=-
AVGO   cik=0001730168  filings_ok= 6  collisions=0  err=-
CRM    cik=0001108524  filings_ok= 9  collisions=0  err=-
ORCL   cik=0001341439  filings_ok= 9  collisions=0  err=-
IBM    cik=0000051143  filings_ok= 9  collisions=0  err=-
INTC   cik=0000050863  filings_ok= 9  collisions=0  err=-
BRK.B  cik=0001067983  filings_ok= 9  collisions=0  err=-
BAC    cik=0000070858  filings_ok= 9  collisions=0  err=-
WFC    cik=0000072971  filings_ok= 9  collisions=0  err=-
GS     cik=0000886982  filings_ok= 9  collisions=0  err=-
MS     cik=0000895421  filings_ok= 9  collisions=0  err=-
BLK    cik=0002012383  filings_ok= 0  collisions=0  err=-
SCHW   cik=0000316709  filings_ok= 9  collisions=0  err=-
AXP    cik=0000004962  filings_ok= 9  collisions=0  err=-
C      cik=0000831001  filings_ok= 9  collisions=0  err=-
LLY    cik=0000059478  filings_ok= 9  collisions=0  err=-
UNH    cik=0000731766  filings_ok= 9  collisions=0  err=-
JNJ    cik=0000200406  filings_ok= 9  collisions=0  err=-
ABBV   cik=0001551152  filings_ok= 9  collisions=0  err=-
MRK    cik=0000310158  filings_ok= 9  collisions=0  err=-
TMO    cik=0000097745  filings_ok= 9  collisions=0  err=-
ABT    cik=0000001800  filings_ok= 9  collisions=0  err=-
PFE    cik=0000078003  filings_ok= 9  collisions=0  err=-
MDT    cik=0001613103  filings_ok= 9  collisions=0  err=-
BMY    cik=0000014272  filings_ok= 9  collisions=1  err=-
AMZN   cik=0001018724  filings_ok= 9  collisions=0  err=-
TSLA   cik=0001318605  filings_ok= 9  collisions=1  err=-
HD     cik=0000354950  filings_ok= 9  collisions=0  err=-
MCD    cik=0000063908  filings_ok= 9  collisions=1  err=-
NKE    cik=0000320187  filings_ok= 9  collisions=0  err=-
SBUX   cik=0000829224  filings_ok= 9  collisions=1  err=-
TGT    cik=0000027419  filings_ok= 9  collisions=0  err=-
LOW    cik=0000060667  filings_ok= 9  collisions=0  err=-
TJX    cik=0000109198  filings_ok= 9  collisions=1  err=-
F      cik=0000037996  filings_ok= 9  collisions=0  err=-
CVX    cik=0000093410  filings_ok= 9  collisions=0  err=-
COP    cik=0001163165  filings_ok= 9  collisions=0  err=-
EOG    cik=0000821189  filings_ok= 9  collisions=0  err=-
SLB    cik=0000087347  filings_ok= 9  collisions=0  err=-
MPC    cik=0001510295  filings_ok= 9  collisions=0  err=-
PSX    cik=0001534701  filings_ok= 9  collisions=0  err=-
VLO    cik=0001035002  filings_ok= 9  collisions=0  err=-
OXY    cik=0000797468  filings_ok= 9  collisions=1  err=-
HAL    cik=0000045012  filings_ok= 9  collisions=0  err=-
------------------------------------------------------------
50 companies, 438/438 filings cleaned OK
manifest -> logs/part2_filings.json
